Archive member included because of file (symbol)

c:/diskd/avr/imt_tools/imt_tools/imt_sdk/imt_sdk_win_64/imt_sdk_win_64/winavr/bin/../lib/gcc/avr/4.3.3/avr5\libgcc.a(_exit.o)
                              c:/diskd/avr/imt_tools/imt_tools/imt_sdk/imt_sdk_win_64/imt_sdk_win_64/winavr/bin/../lib/gcc/avr/4.3.3/../../../../avr/lib/avr5/crtm32.o (exit)
c:/diskd/avr/imt_tools/imt_tools/imt_sdk/imt_sdk_win_64/imt_sdk_win_64/winavr/bin/../lib/gcc/avr/4.3.3/avr5\libgcc.a(_copy_data.o)
                              ./Hal/SevenSegment/SevenSegment_Program.o (__do_copy_data)
c:/diskd/avr/imt_tools/imt_tools/imt_sdk/imt_sdk_win_64/imt_sdk_win_64/winavr/bin/../lib/gcc/avr/4.3.3/avr5\libgcc.a(_clear_bss.o)
                              ./Hal/LED/LED_Program.o (__do_clear_bss)
c:/diskd/avr/imt_tools/imt_tools/imt_sdk/imt_sdk_win_64/imt_sdk_win_64/winavr/bin/../lib/gcc/avr/4.3.3/avr5\libgcc.a(_fixunssfsi.o)
                              ./Hal/LCD/LCD_Program.o (__fixunssfsi)
c:/diskd/avr/imt_tools/imt_tools/imt_sdk/imt_sdk_win_64/imt_sdk_win_64/winavr/bin/../lib/gcc/avr/4.3.3/avr5\libgcc.a(_addsub_sf.o)
                              c:/diskd/avr/imt_tools/imt_tools/imt_sdk/imt_sdk_win_64/imt_sdk_win_64/winavr/bin/../lib/gcc/avr/4.3.3/avr5\libgcc.a(_fixunssfsi.o) (__subsf3)
c:/diskd/avr/imt_tools/imt_tools/imt_sdk/imt_sdk_win_64/imt_sdk_win_64/winavr/bin/../lib/gcc/avr/4.3.3/avr5\libgcc.a(_mul_sf.o)
                              ./Hal/LCD/LCD_Program.o (__mulsf3)
c:/diskd/avr/imt_tools/imt_tools/imt_sdk/imt_sdk_win_64/imt_sdk_win_64/winavr/bin/../lib/gcc/avr/4.3.3/avr5\libgcc.a(_div_sf.o)
                              ./Hal/LCD/LCD_Program.o (__divsf3)
c:/diskd/avr/imt_tools/imt_tools/imt_sdk/imt_sdk_win_64/imt_sdk_win_64/winavr/bin/../lib/gcc/avr/4.3.3/avr5\libgcc.a(_gt_sf.o)
                              ./Hal/LCD/LCD_Program.o (__gtsf2)
c:/diskd/avr/imt_tools/imt_tools/imt_sdk/imt_sdk_win_64/imt_sdk_win_64/winavr/bin/../lib/gcc/avr/4.3.3/avr5\libgcc.a(_ge_sf.o)
                              c:/diskd/avr/imt_tools/imt_tools/imt_sdk/imt_sdk_win_64/imt_sdk_win_64/winavr/bin/../lib/gcc/avr/4.3.3/avr5\libgcc.a(_fixunssfsi.o) (__gesf2)
c:/diskd/avr/imt_tools/imt_tools/imt_sdk/imt_sdk_win_64/imt_sdk_win_64/winavr/bin/../lib/gcc/avr/4.3.3/avr5\libgcc.a(_lt_sf.o)
                              ./Hal/LCD/LCD_Program.o (__ltsf2)
c:/diskd/avr/imt_tools/imt_tools/imt_sdk/imt_sdk_win_64/imt_sdk_win_64/winavr/bin/../lib/gcc/avr/4.3.3/avr5\libgcc.a(_sf_to_si.o)
                              c:/diskd/avr/imt_tools/imt_tools/imt_sdk/imt_sdk_win_64/imt_sdk_win_64/winavr/bin/../lib/gcc/avr/4.3.3/avr5\libgcc.a(_fixunssfsi.o) (__fixsfsi)
c:/diskd/avr/imt_tools/imt_tools/imt_sdk/imt_sdk_win_64/imt_sdk_win_64/winavr/bin/../lib/gcc/avr/4.3.3/avr5\libgcc.a(_thenan_sf.o)
                              c:/diskd/avr/imt_tools/imt_tools/imt_sdk/imt_sdk_win_64/imt_sdk_win_64/winavr/bin/../lib/gcc/avr/4.3.3/avr5\libgcc.a(_addsub_sf.o) (__thenan_sf)
c:/diskd/avr/imt_tools/imt_tools/imt_sdk/imt_sdk_win_64/imt_sdk_win_64/winavr/bin/../lib/gcc/avr/4.3.3/avr5\libgcc.a(_prologue.o)
                              c:/diskd/avr/imt_tools/imt_tools/imt_sdk/imt_sdk_win_64/imt_sdk_win_64/winavr/bin/../lib/gcc/avr/4.3.3/avr5\libgcc.a(_addsub_sf.o) (__prologue_saves__)
c:/diskd/avr/imt_tools/imt_tools/imt_sdk/imt_sdk_win_64/imt_sdk_win_64/winavr/bin/../lib/gcc/avr/4.3.3/avr5\libgcc.a(_epilogue.o)
                              c:/diskd/avr/imt_tools/imt_tools/imt_sdk/imt_sdk_win_64/imt_sdk_win_64/winavr/bin/../lib/gcc/avr/4.3.3/avr5\libgcc.a(_addsub_sf.o) (__epilogue_restores__)
c:/diskd/avr/imt_tools/imt_tools/imt_sdk/imt_sdk_win_64/imt_sdk_win_64/winavr/bin/../lib/gcc/avr/4.3.3/avr5\libgcc.a(_pack_sf.o)
                              c:/diskd/avr/imt_tools/imt_tools/imt_sdk/imt_sdk_win_64/imt_sdk_win_64/winavr/bin/../lib/gcc/avr/4.3.3/avr5\libgcc.a(_addsub_sf.o) (__pack_f)
c:/diskd/avr/imt_tools/imt_tools/imt_sdk/imt_sdk_win_64/imt_sdk_win_64/winavr/bin/../lib/gcc/avr/4.3.3/avr5\libgcc.a(_unpack_sf.o)
                              c:/diskd/avr/imt_tools/imt_tools/imt_sdk/imt_sdk_win_64/imt_sdk_win_64/winavr/bin/../lib/gcc/avr/4.3.3/avr5\libgcc.a(_addsub_sf.o) (__unpack_f)
c:/diskd/avr/imt_tools/imt_tools/imt_sdk/imt_sdk_win_64/imt_sdk_win_64/winavr/bin/../lib/gcc/avr/4.3.3/avr5\libgcc.a(_fpcmp_parts_sf.o)
                              c:/diskd/avr/imt_tools/imt_tools/imt_sdk/imt_sdk_win_64/imt_sdk_win_64/winavr/bin/../lib/gcc/avr/4.3.3/avr5\libgcc.a(_gt_sf.o) (__fpcmp_parts_f)

Allocating common symbols
Common symbol       size              file

Buzzer_Config       0x2               ./Hal/BUZZER/Buzzer_Program.o

Memory Configuration

Name             Origin             Length             Attributes
text             0x00000000         0x00020000         xr
data             0x00800060         0x0000ffa0         rw !x
eeprom           0x00810000         0x00010000         rw !x
fuse             0x00820000         0x00000400         rw !x
lock             0x00830000         0x00000400         rw !x
signature        0x00840000         0x00000400         rw !x
*default*        0x00000000         0xffffffff

Linker script and memory map

LOAD c:/diskd/avr/imt_tools/imt_tools/imt_sdk/imt_sdk_win_64/imt_sdk_win_64/winavr/bin/../lib/gcc/avr/4.3.3/../../../../avr/lib/avr5/crtm32.o
LOAD ./Mcal/DIO/DIO_Program.o
LOAD ./Hal/SevenSegment/SevenSegment_Program.o
LOAD ./Hal/LED/LED_Program.o
LOAD ./Hal/LCD/LCD_Program.o
LOAD ./Hal/KPD/KPD_Program.o
LOAD ./Hal/DCmotor/DCmotor_Program.o
LOAD ./Hal/Btn/Btn_Program.o
LOAD ./Hal/BUZZER/Buzzer_Program.o
LOAD ./Hal/BUTTON/Button_Program.o
LOAD ./main.o
LOAD c:/diskd/avr/imt_tools/imt_tools/imt_sdk/imt_sdk_win_64/imt_sdk_win_64/winavr/bin/../lib/gcc/avr/4.3.3/avr5\libgcc.a
LOAD c:/diskd/avr/imt_tools/imt_tools/imt_sdk/imt_sdk_win_64/imt_sdk_win_64/winavr/bin/../lib/gcc/avr/4.3.3/../../../../avr/lib/avr5\libc.a
LOAD c:/diskd/avr/imt_tools/imt_tools/imt_sdk/imt_sdk_win_64/imt_sdk_win_64/winavr/bin/../lib/gcc/avr/4.3.3/avr5\libgcc.a

.hash
 *(.hash)

.dynsym
 *(.dynsym)

.dynstr
 *(.dynstr)

.gnu.version
 *(.gnu.version)

.gnu.version_d
 *(.gnu.version_d)

.gnu.version_r
 *(.gnu.version_r)

.rel.init
 *(.rel.init)

.rela.init
 *(.rela.init)

.rel.text
 *(.rel.text)
 *(.rel.text.*)
 *(.rel.gnu.linkonce.t*)

.rela.text
 *(.rela.text)
 *(.rela.text.*)
 *(.rela.gnu.linkonce.t*)

.rel.fini
 *(.rel.fini)

.rela.fini
 *(.rela.fini)

.rel.rodata
 *(.rel.rodata)
 *(.rel.rodata.*)
 *(.rel.gnu.linkonce.r*)

.rela.rodata
 *(.rela.rodata)
 *(.rela.rodata.*)
 *(.rela.gnu.linkonce.r*)

.rel.data
 *(.rel.data)
 *(.rel.data.*)
 *(.rel.gnu.linkonce.d*)

.rela.data
 *(.rela.data)
 *(.rela.data.*)
 *(.rela.gnu.linkonce.d*)

.rel.ctors
 *(.rel.ctors)

.rela.ctors
 *(.rela.ctors)

.rel.dtors
 *(.rel.dtors)

.rela.dtors
 *(.rela.dtors)

.rel.got
 *(.rel.got)

.rela.got
 *(.rela.got)

.rel.bss
 *(.rel.bss)

.rela.bss
 *(.rela.bss)

.rel.plt
 *(.rel.plt)

.rela.plt
 *(.rela.plt)

.text           0x00000000     0x3bc8
 *(.vectors)
 .vectors       0x00000000       0x54 c:/diskd/avr/imt_tools/imt_tools/imt_sdk/imt_sdk_win_64/imt_sdk_win_64/winavr/bin/../lib/gcc/avr/4.3.3/../../../../avr/lib/avr5/crtm32.o
                0x00000000                __vectors
                0x00000000                __vector_default
 *(.vectors)
 *(.progmem.gcc*)
 *(.progmem*)
                0x00000054                . = ALIGN (0x2)
                0x00000054                __trampolines_start = .
 *(.trampolines)
 .trampolines   0x00000054        0x0 linker stubs
 *(.trampolines*)
                0x00000054                __trampolines_end = .
 *(.jumptables)
 *(.jumptables*)
 *(.lowtext)
 *(.lowtext*)
                0x00000054                __ctors_start = .
 *(.ctors)
                0x00000054                __ctors_end = .
                0x00000054                __dtors_start = .
 *(.dtors)
                0x00000054                __dtors_end = .
 SORT(*)(.ctors)
 SORT(*)(.dtors)
 *(.init0)
 .init0         0x00000054        0x0 c:/diskd/avr/imt_tools/imt_tools/imt_sdk/imt_sdk_win_64/imt_sdk_win_64/winavr/bin/../lib/gcc/avr/4.3.3/../../../../avr/lib/avr5/crtm32.o
                0x00000054                __init
 *(.init0)
 *(.init1)
 *(.init1)
 *(.init2)
 .init2         0x00000054        0xc c:/diskd/avr/imt_tools/imt_tools/imt_sdk/imt_sdk_win_64/imt_sdk_win_64/winavr/bin/../lib/gcc/avr/4.3.3/../../../../avr/lib/avr5/crtm32.o
 *(.init2)
 *(.init3)
 *(.init3)
 *(.init4)
 .init4         0x00000060       0x16 c:/diskd/avr/imt_tools/imt_tools/imt_sdk/imt_sdk_win_64/imt_sdk_win_64/winavr/bin/../lib/gcc/avr/4.3.3/avr5\libgcc.a(_copy_data.o)
                0x00000060                __do_copy_data
 .init4         0x00000076       0x10 c:/diskd/avr/imt_tools/imt_tools/imt_sdk/imt_sdk_win_64/imt_sdk_win_64/winavr/bin/../lib/gcc/avr/4.3.3/avr5\libgcc.a(_clear_bss.o)
                0x00000076                __do_clear_bss
 *(.init4)
 *(.init5)
 *(.init5)
 *(.init6)
 *(.init6)
 *(.init7)
 *(.init7)
 *(.init8)
 *(.init8)
 *(.init9)
 .init9         0x00000086        0x8 c:/diskd/avr/imt_tools/imt_tools/imt_sdk/imt_sdk_win_64/imt_sdk_win_64/winavr/bin/../lib/gcc/avr/4.3.3/../../../../avr/lib/avr5/crtm32.o
 *(.init9)
 *(.text)
 .text          0x0000008e        0x4 c:/diskd/avr/imt_tools/imt_tools/imt_sdk/imt_sdk_win_64/imt_sdk_win_64/winavr/bin/../lib/gcc/avr/4.3.3/../../../../avr/lib/avr5/crtm32.o
                0x0000008e                __vector_1
                0x0000008e                __vector_12
                0x0000008e                __bad_interrupt
                0x0000008e                __vector_6
                0x0000008e                __vector_3
                0x0000008e                __vector_11
                0x0000008e                __vector_13
                0x0000008e                __vector_17
                0x0000008e                __vector_19
                0x0000008e                __vector_7
                0x0000008e                __vector_5
                0x0000008e                __vector_4
                0x0000008e                __vector_9
                0x0000008e                __vector_2
                0x0000008e                __vector_15
                0x0000008e                __vector_8
                0x0000008e                __vector_14
                0x0000008e                __vector_10
                0x0000008e                __vector_16
                0x0000008e                __vector_18
                0x0000008e                __vector_20
 .text          0x00000092        0x0 ./Mcal/DIO/DIO_Program.o
 .text          0x00000092        0x0 ./Hal/SevenSegment/SevenSegment_Program.o
 .text          0x00000092        0x0 ./Hal/LED/LED_Program.o
 .text          0x00000092        0x0 ./Hal/LCD/LCD_Program.o
 .text          0x00000092        0x0 ./Hal/KPD/KPD_Program.o
 .text          0x00000092        0x0 ./Hal/DCmotor/DCmotor_Program.o
 .text          0x00000092        0x0 ./Hal/Btn/Btn_Program.o
 .text          0x00000092        0x0 ./Hal/BUZZER/Buzzer_Program.o
 .text          0x00000092        0x0 ./Hal/BUTTON/Button_Program.o
 .text          0x00000092        0x0 ./main.o
 .text          0x00000092        0x0 c:/diskd/avr/imt_tools/imt_tools/imt_sdk/imt_sdk_win_64/imt_sdk_win_64/winavr/bin/../lib/gcc/avr/4.3.3/avr5\libgcc.a(_exit.o)
 .text          0x00000092        0x0 c:/diskd/avr/imt_tools/imt_tools/imt_sdk/imt_sdk_win_64/imt_sdk_win_64/winavr/bin/../lib/gcc/avr/4.3.3/avr5\libgcc.a(_copy_data.o)
 .text          0x00000092        0x0 c:/diskd/avr/imt_tools/imt_tools/imt_sdk/imt_sdk_win_64/imt_sdk_win_64/winavr/bin/../lib/gcc/avr/4.3.3/avr5\libgcc.a(_clear_bss.o)
 .text          0x00000092       0x58 c:/diskd/avr/imt_tools/imt_tools/imt_sdk/imt_sdk_win_64/imt_sdk_win_64/winavr/bin/../lib/gcc/avr/4.3.3/avr5\libgcc.a(_fixunssfsi.o)
                0x00000092                __fixunssfsi
 .text          0x000000ea      0x354 c:/diskd/avr/imt_tools/imt_tools/imt_sdk/imt_sdk_win_64/imt_sdk_win_64/winavr/bin/../lib/gcc/avr/4.3.3/avr5\libgcc.a(_addsub_sf.o)
                0x00000382                __subsf3
                0x000003e4                __addsf3
 .text          0x0000043e      0x1f4 c:/diskd/avr/imt_tools/imt_tools/imt_sdk/imt_sdk_win_64/imt_sdk_win_64/winavr/bin/../lib/gcc/avr/4.3.3/avr5\libgcc.a(_mul_sf.o)
                0x0000043e                __mulsf3
 .text          0x00000632      0x158 c:/diskd/avr/imt_tools/imt_tools/imt_sdk/imt_sdk_win_64/imt_sdk_win_64/winavr/bin/../lib/gcc/avr/4.3.3/avr5\libgcc.a(_div_sf.o)
                0x00000632                __divsf3
 .text          0x0000078a       0x60 c:/diskd/avr/imt_tools/imt_tools/imt_sdk/imt_sdk_win_64/imt_sdk_win_64/winavr/bin/../lib/gcc/avr/4.3.3/avr5\libgcc.a(_gt_sf.o)
                0x0000078a                __gtsf2
 .text          0x000007ea       0x60 c:/diskd/avr/imt_tools/imt_tools/imt_sdk/imt_sdk_win_64/imt_sdk_win_64/winavr/bin/../lib/gcc/avr/4.3.3/avr5\libgcc.a(_ge_sf.o)
                0x000007ea                __gesf2
 .text          0x0000084a       0x60 c:/diskd/avr/imt_tools/imt_tools/imt_sdk/imt_sdk_win_64/imt_sdk_win_64/winavr/bin/../lib/gcc/avr/4.3.3/avr5\libgcc.a(_lt_sf.o)
                0x0000084a                __ltsf2
 .text          0x000008aa       0xa8 c:/diskd/avr/imt_tools/imt_tools/imt_sdk/imt_sdk_win_64/imt_sdk_win_64/winavr/bin/../lib/gcc/avr/4.3.3/avr5\libgcc.a(_sf_to_si.o)
                0x000008aa                __fixsfsi
 .text          0x00000952        0x0 c:/diskd/avr/imt_tools/imt_tools/imt_sdk/imt_sdk_win_64/imt_sdk_win_64/winavr/bin/../lib/gcc/avr/4.3.3/avr5\libgcc.a(_thenan_sf.o)
 .text          0x00000952        0x0 c:/diskd/avr/imt_tools/imt_tools/imt_sdk/imt_sdk_win_64/imt_sdk_win_64/winavr/bin/../lib/gcc/avr/4.3.3/avr5\libgcc.a(_prologue.o)
 .text          0x00000952        0x0 c:/diskd/avr/imt_tools/imt_tools/imt_sdk/imt_sdk_win_64/imt_sdk_win_64/winavr/bin/../lib/gcc/avr/4.3.3/avr5\libgcc.a(_epilogue.o)
 .text          0x00000952      0x1aa c:/diskd/avr/imt_tools/imt_tools/imt_sdk/imt_sdk_win_64/imt_sdk_win_64/winavr/bin/../lib/gcc/avr/4.3.3/avr5\libgcc.a(_pack_sf.o)
                0x00000952                __pack_f
 .text          0x00000afc       0xf0 c:/diskd/avr/imt_tools/imt_tools/imt_sdk/imt_sdk_win_64/imt_sdk_win_64/winavr/bin/../lib/gcc/avr/4.3.3/avr5\libgcc.a(_unpack_sf.o)
                0x00000afc                __unpack_f
 .text          0x00000bec       0xb2 c:/diskd/avr/imt_tools/imt_tools/imt_sdk/imt_sdk_win_64/imt_sdk_win_64/winavr/bin/../lib/gcc/avr/4.3.3/avr5\libgcc.a(_fpcmp_parts_sf.o)
                0x00000bec                __fpcmp_parts_f
                0x00000c9e                . = ALIGN (0x2)
 *(.text.*)
 .text.DIO_SelectDirectionForPin
                0x00000c9e       0xfa ./Mcal/DIO/DIO_Program.o
                0x00000c9e                DIO_SelectDirectionForPin
 .text.DIO_SelectDirectionForAll
                0x00000d98       0x84 ./Mcal/DIO/DIO_Program.o
                0x00000d98                DIO_SelectDirectionForAll
 .text.DIO_WriteValueForPin
                0x00000e1c       0xfa ./Mcal/DIO/DIO_Program.o
                0x00000e1c                DIO_WriteValueForPin
 .text.DIO_WriteValueForAll
                0x00000f16       0x84 ./Mcal/DIO/DIO_Program.o
                0x00000f16                DIO_WriteValueForAll
 .text.DIO_ReadValueForPin
                0x00000f9a       0xc6 ./Mcal/DIO/DIO_Program.o
                0x00000f9a                DIO_ReadValueForPin
 .text.DIO_ReadValueForAll
                0x00001060       0x9a ./Mcal/DIO/DIO_Program.o
                0x00001060                DIO_ReadValueForAll
 .text.DIO_ToggleAtPin
                0x000010fa       0xbc ./Mcal/DIO/DIO_Program.o
                0x000010fa                DIO_ToggleAtPin
 .text.DIO_ToggleAtAll
                0x000011b6       0x98 ./Mcal/DIO/DIO_Program.o
                0x000011b6                DIO_ToggleAtAll
 .text.DIO_EnableInternalPullUp
                0x0000124e       0x32 ./Mcal/DIO/DIO_Program.o
                0x0000124e                DIO_EnableInternalPullUp
 .text.DIO_DisableInternalPullUp
                0x00001280       0x32 ./Mcal/DIO/DIO_Program.o
                0x00001280                DIO_DisableInternalPullUp
 .text.SS_WriteNumber
                0x000012b2       0x7c ./Hal/SevenSegment/SevenSegment_Program.o
                0x000012b2                SS_WriteNumber
 .text.LED_Init
                0x0000132e       0x50 ./Hal/LED/LED_Program.o
                0x0000132e                LED_Init
 .text.LED_ON   0x0000137e       0x80 ./Hal/LED/LED_Program.o
                0x0000137e                LED_ON
 .text.LED_OFF  0x000013fe       0x80 ./Hal/LED/LED_Program.o
                0x000013fe                LED_OFF
 .text.LED_Toggle
                0x0000147e       0x40 ./Hal/LED/LED_Program.o
                0x0000147e                LED_Toggle
 .text.LCD_Enable
                0x000014be      0x332 ./Hal/LCD/LCD_Program.o
                0x000014be                LCD_Enable
 .text.LCD_SendInstruction
                0x000017f0       0x34 ./Hal/LCD/LCD_Program.o
                0x000017f0                LCD_SendInstruction
 .text.LCD_PrintData
                0x00001824       0x34 ./Hal/LCD/LCD_Program.o
                0x00001824                LCD_PrintData
 .text.LCD_Init
                0x00001858      0x3fe ./Hal/LCD/LCD_Program.o
                0x00001858                LCD_Init
 .text.LCD_CreateSpecialChar
                0x00001c56       0x74 ./Hal/LCD/LCD_Program.o
                0x00001c56                LCD_CreateSpecialChar
 .text.LCD_WriteString
                0x00001cca       0x38 ./Hal/LCD/LCD_Program.o
                0x00001cca                LCD_WriteString
 .text.LCD_Clear
                0x00001d02      0x110 ./Hal/LCD/LCD_Program.o
                0x00001d02                LCD_Clear
 .text.LCD_CursorGoTo
                0x00001e12       0x3a ./Hal/LCD/LCD_Program.o
                0x00001e12                LCD_CursorGoTo
 .text.KPD_Init
                0x00001e4c      0x13a ./Hal/KPD/KPD_Program.o
                0x00001e4c                KPD_Init
 .text.KPD_GetKPDValue
                0x00001f86      0x2f4 ./Hal/KPD/KPD_Program.o
                0x00001f86                KPD_GetKPDValue
 .text.DC_Init  0x0000227a       0x6a ./Hal/DCmotor/DCmotor_Program.o
                0x0000227a                DC_Init
 .text.DC_On    0x000022e4       0x36 ./Hal/DCmotor/DCmotor_Program.o
                0x000022e4                DC_On
 .text.DC_OFF   0x0000231a       0x6a ./Hal/DCmotor/DCmotor_Program.o
                0x0000231a                DC_OFF
 .text.DC_OnCW  0x00002384       0x4a ./Hal/DCmotor/DCmotor_Program.o
                0x00002384                DC_OnCW
 .text.DC_OnCCW
                0x000023ce       0x4a ./Hal/DCmotor/DCmotor_Program.o
                0x000023ce                DC_OnCCW
 .text.Btn_Init
                0x00002418       0xb6 ./Hal/Btn/Btn_Program.o
                0x00002418                Btn_Init
 .text.Btn_GetState
                0x000024ce      0x114 ./Hal/Btn/Btn_Program.o
                0x000024ce                Btn_GetState
 .text.Buzzer_Off
                0x000025e2       0x1e ./Hal/BUZZER/Buzzer_Program.o
                0x000025e2                Buzzer_Off
 .text.Buzzer_Init
                0x00002600       0x3c ./Hal/BUZZER/Buzzer_Program.o
                0x00002600                Buzzer_Init
 .text.Buzzer_On
                0x0000263c       0x1e ./Hal/BUZZER/Buzzer_Program.o
                0x0000263c                Buzzer_On
 .text.Buzzer_Toggle
                0x0000265a       0x1c ./Hal/BUZZER/Buzzer_Program.o
                0x0000265a                Buzzer_Toggle
 .text.Button_Init
                0x00002676       0x7a ./Hal/BUTTON/Button_Program.o
                0x00002676                Button_Init
 .text.Button_GetState
                0x000026f0       0x66 ./Hal/BUTTON/Button_Program.o
                0x000026f0                Button_GetState
 .text.main     0x00002756     0x1400 ./main.o
                0x00002756                main
 .text.libgcc   0x00003b56        0x0 c:/diskd/avr/imt_tools/imt_tools/imt_sdk/imt_sdk_win_64/imt_sdk_win_64/winavr/bin/../lib/gcc/avr/4.3.3/avr5\libgcc.a(_exit.o)
 .text.libgcc   0x00003b56        0x0 c:/diskd/avr/imt_tools/imt_tools/imt_sdk/imt_sdk_win_64/imt_sdk_win_64/winavr/bin/../lib/gcc/avr/4.3.3/avr5\libgcc.a(_copy_data.o)
 .text.libgcc   0x00003b56        0x0 c:/diskd/avr/imt_tools/imt_tools/imt_sdk/imt_sdk_win_64/imt_sdk_win_64/winavr/bin/../lib/gcc/avr/4.3.3/avr5\libgcc.a(_clear_bss.o)
 .text.libgcc   0x00003b56       0x38 c:/diskd/avr/imt_tools/imt_tools/imt_sdk/imt_sdk_win_64/imt_sdk_win_64/winavr/bin/../lib/gcc/avr/4.3.3/avr5\libgcc.a(_prologue.o)
                0x00003b56                __prologue_saves__
 .text.libgcc   0x00003b8e       0x36 c:/diskd/avr/imt_tools/imt_tools/imt_sdk/imt_sdk_win_64/imt_sdk_win_64/winavr/bin/../lib/gcc/avr/4.3.3/avr5\libgcc.a(_epilogue.o)
                0x00003b8e                __epilogue_restores__
                0x00003bc4                . = ALIGN (0x2)
 *(.fini9)
 .fini9         0x00003bc4        0x0 c:/diskd/avr/imt_tools/imt_tools/imt_sdk/imt_sdk_win_64/imt_sdk_win_64/winavr/bin/../lib/gcc/avr/4.3.3/avr5\libgcc.a(_exit.o)
                0x00003bc4                exit
                0x00003bc4                _exit
 *(.fini9)
 *(.fini8)
 *(.fini8)
 *(.fini7)
 *(.fini7)
 *(.fini6)
 *(.fini6)
 *(.fini5)
 *(.fini5)
 *(.fini4)
 *(.fini4)
 *(.fini3)
 *(.fini3)
 *(.fini2)
 *(.fini2)
 *(.fini1)
 *(.fini1)
 *(.fini0)
 .fini0         0x00003bc4        0x4 c:/diskd/avr/imt_tools/imt_tools/imt_sdk/imt_sdk_win_64/imt_sdk_win_64/winavr/bin/../lib/gcc/avr/4.3.3/avr5\libgcc.a(_exit.o)
 *(.fini0)
                0x00003bc8                _etext = .

.data           0x00800060       0x28 load address 0x00003bc8
                0x00800060                PROVIDE (__data_start, .)
 *(.data)
 .data          0x00800060        0x0 c:/diskd/avr/imt_tools/imt_tools/imt_sdk/imt_sdk_win_64/imt_sdk_win_64/winavr/bin/../lib/gcc/avr/4.3.3/../../../../avr/lib/avr5/crtm32.o
 .data          0x00800060        0x0 ./Mcal/DIO/DIO_Program.o
 .data          0x00800060        0x0 ./Hal/SevenSegment/SevenSegment_Program.o
 .data          0x00800060        0x0 ./Hal/LED/LED_Program.o
 .data          0x00800060        0x0 ./Hal/LCD/LCD_Program.o
 .data          0x00800060        0x0 ./Hal/KPD/KPD_Program.o
 .data          0x00800060        0x0 ./Hal/DCmotor/DCmotor_Program.o
 .data          0x00800060        0x0 ./Hal/Btn/Btn_Program.o
 .data          0x00800060        0x0 ./Hal/BUZZER/Buzzer_Program.o
 .data          0x00800060        0x0 ./Hal/BUTTON/Button_Program.o
 .data          0x00800060        0x0 ./main.o
 .data          0x00800060        0x0 c:/diskd/avr/imt_tools/imt_tools/imt_sdk/imt_sdk_win_64/imt_sdk_win_64/winavr/bin/../lib/gcc/avr/4.3.3/avr5\libgcc.a(_exit.o)
 .data          0x00800060        0x0 c:/diskd/avr/imt_tools/imt_tools/imt_sdk/imt_sdk_win_64/imt_sdk_win_64/winavr/bin/../lib/gcc/avr/4.3.3/avr5\libgcc.a(_copy_data.o)
 .data          0x00800060        0x0 c:/diskd/avr/imt_tools/imt_tools/imt_sdk/imt_sdk_win_64/imt_sdk_win_64/winavr/bin/../lib/gcc/avr/4.3.3/avr5\libgcc.a(_clear_bss.o)
 .data          0x00800060        0x0 c:/diskd/avr/imt_tools/imt_tools/imt_sdk/imt_sdk_win_64/imt_sdk_win_64/winavr/bin/../lib/gcc/avr/4.3.3/avr5\libgcc.a(_fixunssfsi.o)
 .data          0x00800060        0x0 c:/diskd/avr/imt_tools/imt_tools/imt_sdk/imt_sdk_win_64/imt_sdk_win_64/winavr/bin/../lib/gcc/avr/4.3.3/avr5\libgcc.a(_addsub_sf.o)
 .data          0x00800060        0x0 c:/diskd/avr/imt_tools/imt_tools/imt_sdk/imt_sdk_win_64/imt_sdk_win_64/winavr/bin/../lib/gcc/avr/4.3.3/avr5\libgcc.a(_mul_sf.o)
 .data          0x00800060        0x0 c:/diskd/avr/imt_tools/imt_tools/imt_sdk/imt_sdk_win_64/imt_sdk_win_64/winavr/bin/../lib/gcc/avr/4.3.3/avr5\libgcc.a(_div_sf.o)
 .data          0x00800060        0x0 c:/diskd/avr/imt_tools/imt_tools/imt_sdk/imt_sdk_win_64/imt_sdk_win_64/winavr/bin/../lib/gcc/avr/4.3.3/avr5\libgcc.a(_gt_sf.o)
 .data          0x00800060        0x0 c:/diskd/avr/imt_tools/imt_tools/imt_sdk/imt_sdk_win_64/imt_sdk_win_64/winavr/bin/../lib/gcc/avr/4.3.3/avr5\libgcc.a(_ge_sf.o)
 .data          0x00800060        0x0 c:/diskd/avr/imt_tools/imt_tools/imt_sdk/imt_sdk_win_64/imt_sdk_win_64/winavr/bin/../lib/gcc/avr/4.3.3/avr5\libgcc.a(_lt_sf.o)
 .data          0x00800060        0x0 c:/diskd/avr/imt_tools/imt_tools/imt_sdk/imt_sdk_win_64/imt_sdk_win_64/winavr/bin/../lib/gcc/avr/4.3.3/avr5\libgcc.a(_sf_to_si.o)
 .data          0x00800060        0x8 c:/diskd/avr/imt_tools/imt_tools/imt_sdk/imt_sdk_win_64/imt_sdk_win_64/winavr/bin/../lib/gcc/avr/4.3.3/avr5\libgcc.a(_thenan_sf.o)
                0x00800060                __thenan_sf
 .data          0x00800068        0x0 c:/diskd/avr/imt_tools/imt_tools/imt_sdk/imt_sdk_win_64/imt_sdk_win_64/winavr/bin/../lib/gcc/avr/4.3.3/avr5\libgcc.a(_prologue.o)
 .data          0x00800068        0x0 c:/diskd/avr/imt_tools/imt_tools/imt_sdk/imt_sdk_win_64/imt_sdk_win_64/winavr/bin/../lib/gcc/avr/4.3.3/avr5\libgcc.a(_epilogue.o)
 .data          0x00800068        0x0 c:/diskd/avr/imt_tools/imt_tools/imt_sdk/imt_sdk_win_64/imt_sdk_win_64/winavr/bin/../lib/gcc/avr/4.3.3/avr5\libgcc.a(_pack_sf.o)
 .data          0x00800068        0x0 c:/diskd/avr/imt_tools/imt_tools/imt_sdk/imt_sdk_win_64/imt_sdk_win_64/winavr/bin/../lib/gcc/avr/4.3.3/avr5\libgcc.a(_unpack_sf.o)
 .data          0x00800068        0x0 c:/diskd/avr/imt_tools/imt_tools/imt_sdk/imt_sdk_win_64/imt_sdk_win_64/winavr/bin/../lib/gcc/avr/4.3.3/avr5\libgcc.a(_fpcmp_parts_sf.o)
 *(.data*)
 .data.Numbers  0x00800068        0xa ./Hal/SevenSegment/SevenSegment_Program.o
                0x00800068                Numbers
 .data.Buzzer   0x00800072        0x2 ./main.o
                0x00800072                Buzzer
 *(.rodata)
 *(.rodata*)
 .rodata.C.0.1359
                0x00800074       0x10 ./Hal/KPD/KPD_Program.o
 .rodata.C.0.1385
                0x00800084        0x3 ./main.o
 *(.gnu.linkonce.d*)
                0x00800088                . = ALIGN (0x2)
 *fill*         0x00800087        0x1 00
                0x00800088                _edata = .
                0x00800088                PROVIDE (__data_end, .)

.bss            0x00800088       0x1b
                0x00800088                PROVIDE (__bss_start, .)
 *(.bss)
 .bss           0x00800088        0x0 c:/diskd/avr/imt_tools/imt_tools/imt_sdk/imt_sdk_win_64/imt_sdk_win_64/winavr/bin/../lib/gcc/avr/4.3.3/../../../../avr/lib/avr5/crtm32.o
 .bss           0x00800088        0x0 ./Mcal/DIO/DIO_Program.o
 .bss           0x00800088        0x0 ./Hal/SevenSegment/SevenSegment_Program.o
 .bss           0x00800088        0x0 ./Hal/LED/LED_Program.o
 .bss           0x00800088        0x0 ./Hal/LCD/LCD_Program.o
 .bss           0x00800088        0x0 ./Hal/KPD/KPD_Program.o
 .bss           0x00800088        0x0 ./Hal/DCmotor/DCmotor_Program.o
 .bss           0x00800088        0x0 ./Hal/Btn/Btn_Program.o
 .bss           0x00800088        0x0 ./Hal/BUZZER/Buzzer_Program.o
 .bss           0x00800088        0x0 ./Hal/BUTTON/Button_Program.o
 .bss           0x00800088        0x0 ./main.o
 .bss           0x00800088        0x0 c:/diskd/avr/imt_tools/imt_tools/imt_sdk/imt_sdk_win_64/imt_sdk_win_64/winavr/bin/../lib/gcc/avr/4.3.3/avr5\libgcc.a(_exit.o)
 .bss           0x00800088        0x0 c:/diskd/avr/imt_tools/imt_tools/imt_sdk/imt_sdk_win_64/imt_sdk_win_64/winavr/bin/../lib/gcc/avr/4.3.3/avr5\libgcc.a(_copy_data.o)
 .bss           0x00800088        0x0 c:/diskd/avr/imt_tools/imt_tools/imt_sdk/imt_sdk_win_64/imt_sdk_win_64/winavr/bin/../lib/gcc/avr/4.3.3/avr5\libgcc.a(_clear_bss.o)
 .bss           0x00800088        0x0 c:/diskd/avr/imt_tools/imt_tools/imt_sdk/imt_sdk_win_64/imt_sdk_win_64/winavr/bin/../lib/gcc/avr/4.3.3/avr5\libgcc.a(_fixunssfsi.o)
 .bss           0x00800088        0x0 c:/diskd/avr/imt_tools/imt_tools/imt_sdk/imt_sdk_win_64/imt_sdk_win_64/winavr/bin/../lib/gcc/avr/4.3.3/avr5\libgcc.a(_addsub_sf.o)
 .bss           0x00800088        0x0 c:/diskd/avr/imt_tools/imt_tools/imt_sdk/imt_sdk_win_64/imt_sdk_win_64/winavr/bin/../lib/gcc/avr/4.3.3/avr5\libgcc.a(_mul_sf.o)
 .bss           0x00800088        0x0 c:/diskd/avr/imt_tools/imt_tools/imt_sdk/imt_sdk_win_64/imt_sdk_win_64/winavr/bin/../lib/gcc/avr/4.3.3/avr5\libgcc.a(_div_sf.o)
 .bss           0x00800088        0x0 c:/diskd/avr/imt_tools/imt_tools/imt_sdk/imt_sdk_win_64/imt_sdk_win_64/winavr/bin/../lib/gcc/avr/4.3.3/avr5\libgcc.a(_gt_sf.o)
 .bss           0x00800088        0x0 c:/diskd/avr/imt_tools/imt_tools/imt_sdk/imt_sdk_win_64/imt_sdk_win_64/winavr/bin/../lib/gcc/avr/4.3.3/avr5\libgcc.a(_ge_sf.o)
 .bss           0x00800088        0x0 c:/diskd/avr/imt_tools/imt_tools/imt_sdk/imt_sdk_win_64/imt_sdk_win_64/winavr/bin/../lib/gcc/avr/4.3.3/avr5\libgcc.a(_lt_sf.o)
 .bss           0x00800088        0x0 c:/diskd/avr/imt_tools/imt_tools/imt_sdk/imt_sdk_win_64/imt_sdk_win_64/winavr/bin/../lib/gcc/avr/4.3.3/avr5\libgcc.a(_sf_to_si.o)
 .bss           0x00800088        0x0 c:/diskd/avr/imt_tools/imt_tools/imt_sdk/imt_sdk_win_64/imt_sdk_win_64/winavr/bin/../lib/gcc/avr/4.3.3/avr5\libgcc.a(_thenan_sf.o)
 .bss           0x00800088        0x0 c:/diskd/avr/imt_tools/imt_tools/imt_sdk/imt_sdk_win_64/imt_sdk_win_64/winavr/bin/../lib/gcc/avr/4.3.3/avr5\libgcc.a(_prologue.o)
 .bss           0x00800088        0x0 c:/diskd/avr/imt_tools/imt_tools/imt_sdk/imt_sdk_win_64/imt_sdk_win_64/winavr/bin/../lib/gcc/avr/4.3.3/avr5\libgcc.a(_epilogue.o)
 .bss           0x00800088        0x0 c:/diskd/avr/imt_tools/imt_tools/imt_sdk/imt_sdk_win_64/imt_sdk_win_64/winavr/bin/../lib/gcc/avr/4.3.3/avr5\libgcc.a(_pack_sf.o)
 .bss           0x00800088        0x0 c:/diskd/avr/imt_tools/imt_tools/imt_sdk/imt_sdk_win_64/imt_sdk_win_64/winavr/bin/../lib/gcc/avr/4.3.3/avr5\libgcc.a(_unpack_sf.o)
 .bss           0x00800088        0x0 c:/diskd/avr/imt_tools/imt_tools/imt_sdk/imt_sdk_win_64/imt_sdk_win_64/winavr/bin/../lib/gcc/avr/4.3.3/avr5\libgcc.a(_fpcmp_parts_sf.o)
 *(.bss*)
 .bss.LED_Config
                0x00800088       0x10 ./Hal/LED/LED_Program.o
 .bss.Button1_Type
                0x00800098        0x1 ./Hal/Btn/Btn_Program.o
 .bss.Button2_Type
                0x00800099        0x1 ./Hal/Btn/Btn_Program.o
 .bss.Button3_Type
                0x0080009a        0x1 ./Hal/Btn/Btn_Program.o
 .bss.Button_Config
                0x0080009b        0x6 ./Hal/BUTTON/Button_Program.o
 *(COMMON)
 COMMON         0x008000a1        0x2 ./Hal/BUZZER/Buzzer_Program.o
                0x008000a1                Buzzer_Config
                0x008000a3                PROVIDE (__bss_end, .)
                0x00003bc8                __data_load_start = LOADADDR (.data)
                0x00003bf0                __data_load_end = (__data_load_start + SIZEOF (.data))

.noinit         0x008000a3        0x0
                0x008000a3                PROVIDE (__noinit_start, .)
 *(.noinit*)
                0x008000a3                PROVIDE (__noinit_end, .)
                0x008000a3                _end = .
                0x008000a3                PROVIDE (__heap_start, .)

.eeprom         0x00810000        0x0
 *(.eeprom*)
                0x00810000                __eeprom_end = .

.fuse
 *(.fuse)
 *(.lfuse)
 *(.hfuse)
 *(.efuse)

.lock
 *(.lock*)

.signature
 *(.signature*)

.stab           0x00000000     0x3b58
 *(.stab)
 .stab          0x00000000      0x8dc ./Mcal/DIO/DIO_Program.o
 .stab          0x000008dc      0x228 ./Hal/SevenSegment/SevenSegment_Program.o
                                0x390 (size before relaxing)
 .stab          0x00000b04      0x384 ./Hal/LED/LED_Program.o
                                0x4ec (size before relaxing)
 .stab          0x00000e88      0xb1c ./Hal/LCD/LCD_Program.o
                                0xc84 (size before relaxing)
 .stab          0x000019a4      0x564 ./Hal/KPD/KPD_Program.o
                                0x6fc (size before relaxing)
 .stab          0x00001f08      0x378 ./Hal/DCmotor/DCmotor_Program.o
                                0x4e0 (size before relaxing)
 .stab          0x00002280      0x504 ./Hal/Btn/Btn_Program.o
                                0x66c (size before relaxing)
 .stab          0x00002784      0x2b8 ./Hal/BUZZER/Buzzer_Program.o
                                0x420 (size before relaxing)
 .stab          0x00002a3c      0x2c4 ./Hal/BUTTON/Button_Program.o
                                0x42c (size before relaxing)
 .stab          0x00002d00      0xe58 ./main.o
                               0x1110 (size before relaxing)

.stabstr        0x00000000     0x1d45
 *(.stabstr)
 .stabstr       0x00000000     0x1d45 ./Mcal/DIO/DIO_Program.o

.stab.excl
 *(.stab.excl)

.stab.exclstr
 *(.stab.exclstr)

.stab.index
 *(.stab.index)

.stab.indexstr
 *(.stab.indexstr)

.comment
 *(.comment)

.debug
 *(.debug)

.line
 *(.line)

.debug_srcinfo
 *(.debug_srcinfo)

.debug_sfnames
 *(.debug_sfnames)

.debug_aranges  0x00000000      0x160
 *(.debug_aranges)
 .debug_aranges
                0x00000000       0x20 c:/diskd/avr/imt_tools/imt_tools/imt_sdk/imt_sdk_win_64/imt_sdk_win_64/winavr/bin/../lib/gcc/avr/4.3.3/avr5\libgcc.a(_fixunssfsi.o)
 .debug_aranges
                0x00000020       0x20 c:/diskd/avr/imt_tools/imt_tools/imt_sdk/imt_sdk_win_64/imt_sdk_win_64/winavr/bin/../lib/gcc/avr/4.3.3/avr5\libgcc.a(_addsub_sf.o)
 .debug_aranges
                0x00000040       0x20 c:/diskd/avr/imt_tools/imt_tools/imt_sdk/imt_sdk_win_64/imt_sdk_win_64/winavr/bin/../lib/gcc/avr/4.3.3/avr5\libgcc.a(_mul_sf.o)
 .debug_aranges
                0x00000060       0x20 c:/diskd/avr/imt_tools/imt_tools/imt_sdk/imt_sdk_win_64/imt_sdk_win_64/winavr/bin/../lib/gcc/avr/4.3.3/avr5\libgcc.a(_div_sf.o)
 .debug_aranges
                0x00000080       0x20 c:/diskd/avr/imt_tools/imt_tools/imt_sdk/imt_sdk_win_64/imt_sdk_win_64/winavr/bin/../lib/gcc/avr/4.3.3/avr5\libgcc.a(_gt_sf.o)
 .debug_aranges
                0x000000a0       0x20 c:/diskd/avr/imt_tools/imt_tools/imt_sdk/imt_sdk_win_64/imt_sdk_win_64/winavr/bin/../lib/gcc/avr/4.3.3/avr5\libgcc.a(_ge_sf.o)
 .debug_aranges
                0x000000c0       0x20 c:/diskd/avr/imt_tools/imt_tools/imt_sdk/imt_sdk_win_64/imt_sdk_win_64/winavr/bin/../lib/gcc/avr/4.3.3/avr5\libgcc.a(_lt_sf.o)
 .debug_aranges
                0x000000e0       0x20 c:/diskd/avr/imt_tools/imt_tools/imt_sdk/imt_sdk_win_64/imt_sdk_win_64/winavr/bin/../lib/gcc/avr/4.3.3/avr5\libgcc.a(_sf_to_si.o)
 .debug_aranges
                0x00000100       0x20 c:/diskd/avr/imt_tools/imt_tools/imt_sdk/imt_sdk_win_64/imt_sdk_win_64/winavr/bin/../lib/gcc/avr/4.3.3/avr5\libgcc.a(_pack_sf.o)
 .debug_aranges
                0x00000120       0x20 c:/diskd/avr/imt_tools/imt_tools/imt_sdk/imt_sdk_win_64/imt_sdk_win_64/winavr/bin/../lib/gcc/avr/4.3.3/avr5\libgcc.a(_unpack_sf.o)
 .debug_aranges
                0x00000140       0x20 c:/diskd/avr/imt_tools/imt_tools/imt_sdk/imt_sdk_win_64/imt_sdk_win_64/winavr/bin/../lib/gcc/avr/4.3.3/avr5\libgcc.a(_fpcmp_parts_sf.o)

.debug_pubnames
                0x00000000      0x18f
 *(.debug_pubnames)
 .debug_pubnames
                0x00000000       0x23 c:/diskd/avr/imt_tools/imt_tools/imt_sdk/imt_sdk_win_64/imt_sdk_win_64/winavr/bin/../lib/gcc/avr/4.3.3/avr5\libgcc.a(_fixunssfsi.o)
 .debug_pubnames
                0x00000023       0x2c c:/diskd/avr/imt_tools/imt_tools/imt_sdk/imt_sdk_win_64/imt_sdk_win_64/winavr/bin/../lib/gcc/avr/4.3.3/avr5\libgcc.a(_addsub_sf.o)
 .debug_pubnames
                0x0000004f       0x1f c:/diskd/avr/imt_tools/imt_tools/imt_sdk/imt_sdk_win_64/imt_sdk_win_64/winavr/bin/../lib/gcc/avr/4.3.3/avr5\libgcc.a(_mul_sf.o)
 .debug_pubnames
                0x0000006e       0x1f c:/diskd/avr/imt_tools/imt_tools/imt_sdk/imt_sdk_win_64/imt_sdk_win_64/winavr/bin/../lib/gcc/avr/4.3.3/avr5\libgcc.a(_div_sf.o)
 .debug_pubnames
                0x0000008d       0x1e c:/diskd/avr/imt_tools/imt_tools/imt_sdk/imt_sdk_win_64/imt_sdk_win_64/winavr/bin/../lib/gcc/avr/4.3.3/avr5\libgcc.a(_gt_sf.o)
 .debug_pubnames
                0x000000ab       0x1e c:/diskd/avr/imt_tools/imt_tools/imt_sdk/imt_sdk_win_64/imt_sdk_win_64/winavr/bin/../lib/gcc/avr/4.3.3/avr5\libgcc.a(_ge_sf.o)
 .debug_pubnames
                0x000000c9       0x1e c:/diskd/avr/imt_tools/imt_tools/imt_sdk/imt_sdk_win_64/imt_sdk_win_64/winavr/bin/../lib/gcc/avr/4.3.3/avr5\libgcc.a(_lt_sf.o)
 .debug_pubnames
                0x000000e7       0x20 c:/diskd/avr/imt_tools/imt_tools/imt_sdk/imt_sdk_win_64/imt_sdk_win_64/winavr/bin/../lib/gcc/avr/4.3.3/avr5\libgcc.a(_sf_to_si.o)
 .debug_pubnames
                0x00000107       0x22 c:/diskd/avr/imt_tools/imt_tools/imt_sdk/imt_sdk_win_64/imt_sdk_win_64/winavr/bin/../lib/gcc/avr/4.3.3/avr5\libgcc.a(_thenan_sf.o)
 .debug_pubnames
                0x00000129       0x1f c:/diskd/avr/imt_tools/imt_tools/imt_sdk/imt_sdk_win_64/imt_sdk_win_64/winavr/bin/../lib/gcc/avr/4.3.3/avr5\libgcc.a(_pack_sf.o)
 .debug_pubnames
                0x00000148       0x21 c:/diskd/avr/imt_tools/imt_tools/imt_sdk/imt_sdk_win_64/imt_sdk_win_64/winavr/bin/../lib/gcc/avr/4.3.3/avr5\libgcc.a(_unpack_sf.o)
 .debug_pubnames
                0x00000169       0x26 c:/diskd/avr/imt_tools/imt_tools/imt_sdk/imt_sdk_win_64/imt_sdk_win_64/winavr/bin/../lib/gcc/avr/4.3.3/avr5\libgcc.a(_fpcmp_parts_sf.o)

.debug_info     0x00000000     0x2045
 *(.debug_info)
 .debug_info    0x00000000       0xb1 c:/diskd/avr/imt_tools/imt_tools/imt_sdk/imt_sdk_win_64/imt_sdk_win_64/winavr/bin/../lib/gcc/avr/4.3.3/avr5\libgcc.a(_fixunssfsi.o)
 .debug_info    0x000000b1      0x47a c:/diskd/avr/imt_tools/imt_tools/imt_sdk/imt_sdk_win_64/imt_sdk_win_64/winavr/bin/../lib/gcc/avr/4.3.3/avr5\libgcc.a(_addsub_sf.o)
 .debug_info    0x0000052b      0x485 c:/diskd/avr/imt_tools/imt_tools/imt_sdk/imt_sdk_win_64/imt_sdk_win_64/winavr/bin/../lib/gcc/avr/4.3.3/avr5\libgcc.a(_mul_sf.o)
 .debug_info    0x000009b0      0x3fc c:/diskd/avr/imt_tools/imt_tools/imt_sdk/imt_sdk_win_64/imt_sdk_win_64/winavr/bin/../lib/gcc/avr/4.3.3/avr5\libgcc.a(_div_sf.o)
 .debug_info    0x00000dac      0x27f c:/diskd/avr/imt_tools/imt_tools/imt_sdk/imt_sdk_win_64/imt_sdk_win_64/winavr/bin/../lib/gcc/avr/4.3.3/avr5\libgcc.a(_gt_sf.o)
 .debug_info    0x0000102b      0x27f c:/diskd/avr/imt_tools/imt_tools/imt_sdk/imt_sdk_win_64/imt_sdk_win_64/winavr/bin/../lib/gcc/avr/4.3.3/avr5\libgcc.a(_ge_sf.o)
 .debug_info    0x000012aa      0x27f c:/diskd/avr/imt_tools/imt_tools/imt_sdk/imt_sdk_win_64/imt_sdk_win_64/winavr/bin/../lib/gcc/avr/4.3.3/avr5\libgcc.a(_lt_sf.o)
 .debug_info    0x00001529      0x2b0 c:/diskd/avr/imt_tools/imt_tools/imt_sdk/imt_sdk_win_64/imt_sdk_win_64/winavr/bin/../lib/gcc/avr/4.3.3/avr5\libgcc.a(_sf_to_si.o)
 .debug_info    0x000017d9      0x12c c:/diskd/avr/imt_tools/imt_tools/imt_sdk/imt_sdk_win_64/imt_sdk_win_64/winavr/bin/../lib/gcc/avr/4.3.3/avr5\libgcc.a(_thenan_sf.o)
 .debug_info    0x00001905      0x2df c:/diskd/avr/imt_tools/imt_tools/imt_sdk/imt_sdk_win_64/imt_sdk_win_64/winavr/bin/../lib/gcc/avr/4.3.3/avr5\libgcc.a(_pack_sf.o)
 .debug_info    0x00001be4      0x251 c:/diskd/avr/imt_tools/imt_tools/imt_sdk/imt_sdk_win_64/imt_sdk_win_64/winavr/bin/../lib/gcc/avr/4.3.3/avr5\libgcc.a(_unpack_sf.o)
 .debug_info    0x00001e35      0x210 c:/diskd/avr/imt_tools/imt_tools/imt_sdk/imt_sdk_win_64/imt_sdk_win_64/winavr/bin/../lib/gcc/avr/4.3.3/avr5\libgcc.a(_fpcmp_parts_sf.o)
 *(.gnu.linkonce.wi.*)

.debug_abbrev   0x00000000     0x1101
 *(.debug_abbrev)
 .debug_abbrev  0x00000000       0x5d c:/diskd/avr/imt_tools/imt_tools/imt_sdk/imt_sdk_win_64/imt_sdk_win_64/winavr/bin/../lib/gcc/avr/4.3.3/avr5\libgcc.a(_fixunssfsi.o)
 .debug_abbrev  0x0000005d      0x1ea c:/diskd/avr/imt_tools/imt_tools/imt_sdk/imt_sdk_win_64/imt_sdk_win_64/winavr/bin/../lib/gcc/avr/4.3.3/avr5\libgcc.a(_addsub_sf.o)
 .debug_abbrev  0x00000247      0x21b c:/diskd/avr/imt_tools/imt_tools/imt_sdk/imt_sdk_win_64/imt_sdk_win_64/winavr/bin/../lib/gcc/avr/4.3.3/avr5\libgcc.a(_mul_sf.o)
 .debug_abbrev  0x00000462      0x216 c:/diskd/avr/imt_tools/imt_tools/imt_sdk/imt_sdk_win_64/imt_sdk_win_64/winavr/bin/../lib/gcc/avr/4.3.3/avr5\libgcc.a(_div_sf.o)
 .debug_abbrev  0x00000678      0x15a c:/diskd/avr/imt_tools/imt_tools/imt_sdk/imt_sdk_win_64/imt_sdk_win_64/winavr/bin/../lib/gcc/avr/4.3.3/avr5\libgcc.a(_gt_sf.o)
 .debug_abbrev  0x000007d2      0x15a c:/diskd/avr/imt_tools/imt_tools/imt_sdk/imt_sdk_win_64/imt_sdk_win_64/winavr/bin/../lib/gcc/avr/4.3.3/avr5\libgcc.a(_ge_sf.o)
 .debug_abbrev  0x0000092c      0x15a c:/diskd/avr/imt_tools/imt_tools/imt_sdk/imt_sdk_win_64/imt_sdk_win_64/winavr/bin/../lib/gcc/avr/4.3.3/avr5\libgcc.a(_lt_sf.o)
 .debug_abbrev  0x00000a86      0x17f c:/diskd/avr/imt_tools/imt_tools/imt_sdk/imt_sdk_win_64/imt_sdk_win_64/winavr/bin/../lib/gcc/avr/4.3.3/avr5\libgcc.a(_sf_to_si.o)
 .debug_abbrev  0x00000c05       0xad c:/diskd/avr/imt_tools/imt_tools/imt_sdk/imt_sdk_win_64/imt_sdk_win_64/winavr/bin/../lib/gcc/avr/4.3.3/avr5\libgcc.a(_thenan_sf.o)
 .debug_abbrev  0x00000cb2      0x1c0 c:/diskd/avr/imt_tools/imt_tools/imt_sdk/imt_sdk_win_64/imt_sdk_win_64/winavr/bin/../lib/gcc/avr/4.3.3/avr5\libgcc.a(_pack_sf.o)
 .debug_abbrev  0x00000e72      0x154 c:/diskd/avr/imt_tools/imt_tools/imt_sdk/imt_sdk_win_64/imt_sdk_win_64/winavr/bin/../lib/gcc/avr/4.3.3/avr5\libgcc.a(_unpack_sf.o)
 .debug_abbrev  0x00000fc6      0x13b c:/diskd/avr/imt_tools/imt_tools/imt_sdk/imt_sdk_win_64/imt_sdk_win_64/winavr/bin/../lib/gcc/avr/4.3.3/avr5\libgcc.a(_fpcmp_parts_sf.o)

.debug_line     0x00000000      0xf82
 *(.debug_line)
 .debug_line    0x00000000       0xa7 c:/diskd/avr/imt_tools/imt_tools/imt_sdk/imt_sdk_win_64/imt_sdk_win_64/winavr/bin/../lib/gcc/avr/4.3.3/avr5\libgcc.a(_fixunssfsi.o)
 .debug_line    0x000000a7      0x2af c:/diskd/avr/imt_tools/imt_tools/imt_sdk/imt_sdk_win_64/imt_sdk_win_64/winavr/bin/../lib/gcc/avr/4.3.3/avr5\libgcc.a(_addsub_sf.o)
 .debug_line    0x00000356      0x239 c:/diskd/avr/imt_tools/imt_tools/imt_sdk/imt_sdk_win_64/imt_sdk_win_64/winavr/bin/../lib/gcc/avr/4.3.3/avr5\libgcc.a(_mul_sf.o)
 .debug_line    0x0000058f      0x1d5 c:/diskd/avr/imt_tools/imt_tools/imt_sdk/imt_sdk_win_64/imt_sdk_win_64/winavr/bin/../lib/gcc/avr/4.3.3/avr5\libgcc.a(_div_sf.o)
 .debug_line    0x00000764       0xd3 c:/diskd/avr/imt_tools/imt_tools/imt_sdk/imt_sdk_win_64/imt_sdk_win_64/winavr/bin/../lib/gcc/avr/4.3.3/avr5\libgcc.a(_gt_sf.o)
 .debug_line    0x00000837       0xd3 c:/diskd/avr/imt_tools/imt_tools/imt_sdk/imt_sdk_win_64/imt_sdk_win_64/winavr/bin/../lib/gcc/avr/4.3.3/avr5\libgcc.a(_ge_sf.o)
 .debug_line    0x0000090a       0xd3 c:/diskd/avr/imt_tools/imt_tools/imt_sdk/imt_sdk_win_64/imt_sdk_win_64/winavr/bin/../lib/gcc/avr/4.3.3/avr5\libgcc.a(_lt_sf.o)
 .debug_line    0x000009dd      0x109 c:/diskd/avr/imt_tools/imt_tools/imt_sdk/imt_sdk_win_64/imt_sdk_win_64/winavr/bin/../lib/gcc/avr/4.3.3/avr5\libgcc.a(_sf_to_si.o)
 .debug_line    0x00000ae6       0x90 c:/diskd/avr/imt_tools/imt_tools/imt_sdk/imt_sdk_win_64/imt_sdk_win_64/winavr/bin/../lib/gcc/avr/4.3.3/avr5\libgcc.a(_thenan_sf.o)
 .debug_line    0x00000b76      0x18a c:/diskd/avr/imt_tools/imt_tools/imt_sdk/imt_sdk_win_64/imt_sdk_win_64/winavr/bin/../lib/gcc/avr/4.3.3/avr5\libgcc.a(_pack_sf.o)
 .debug_line    0x00000d00      0x14b c:/diskd/avr/imt_tools/imt_tools/imt_sdk/imt_sdk_win_64/imt_sdk_win_64/winavr/bin/../lib/gcc/avr/4.3.3/avr5\libgcc.a(_unpack_sf.o)
 .debug_line    0x00000e4b      0x137 c:/diskd/avr/imt_tools/imt_tools/imt_sdk/imt_sdk_win_64/imt_sdk_win_64/winavr/bin/../lib/gcc/avr/4.3.3/avr5\libgcc.a(_fpcmp_parts_sf.o)

.debug_frame    0x00000000      0x180
 *(.debug_frame)
 .debug_frame   0x00000000       0x20 c:/diskd/avr/imt_tools/imt_tools/imt_sdk/imt_sdk_win_64/imt_sdk_win_64/winavr/bin/../lib/gcc/avr/4.3.3/avr5\libgcc.a(_fixunssfsi.o)
 .debug_frame   0x00000020       0x40 c:/diskd/avr/imt_tools/imt_tools/imt_sdk/imt_sdk_win_64/imt_sdk_win_64/winavr/bin/../lib/gcc/avr/4.3.3/avr5\libgcc.a(_addsub_sf.o)
 .debug_frame   0x00000060       0x20 c:/diskd/avr/imt_tools/imt_tools/imt_sdk/imt_sdk_win_64/imt_sdk_win_64/winavr/bin/../lib/gcc/avr/4.3.3/avr5\libgcc.a(_mul_sf.o)
 .debug_frame   0x00000080       0x20 c:/diskd/avr/imt_tools/imt_tools/imt_sdk/imt_sdk_win_64/imt_sdk_win_64/winavr/bin/../lib/gcc/avr/4.3.3/avr5\libgcc.a(_div_sf.o)
 .debug_frame   0x000000a0       0x20 c:/diskd/avr/imt_tools/imt_tools/imt_sdk/imt_sdk_win_64/imt_sdk_win_64/winavr/bin/../lib/gcc/avr/4.3.3/avr5\libgcc.a(_gt_sf.o)
 .debug_frame   0x000000c0       0x20 c:/diskd/avr/imt_tools/imt_tools/imt_sdk/imt_sdk_win_64/imt_sdk_win_64/winavr/bin/../lib/gcc/avr/4.3.3/avr5\libgcc.a(_ge_sf.o)
 .debug_frame   0x000000e0       0x20 c:/diskd/avr/imt_tools/imt_tools/imt_sdk/imt_sdk_win_64/imt_sdk_win_64/winavr/bin/../lib/gcc/avr/4.3.3/avr5\libgcc.a(_lt_sf.o)
 .debug_frame   0x00000100       0x20 c:/diskd/avr/imt_tools/imt_tools/imt_sdk/imt_sdk_win_64/imt_sdk_win_64/winavr/bin/../lib/gcc/avr/4.3.3/avr5\libgcc.a(_sf_to_si.o)
 .debug_frame   0x00000120       0x20 c:/diskd/avr/imt_tools/imt_tools/imt_sdk/imt_sdk_win_64/imt_sdk_win_64/winavr/bin/../lib/gcc/avr/4.3.3/avr5\libgcc.a(_pack_sf.o)
 .debug_frame   0x00000140       0x20 c:/diskd/avr/imt_tools/imt_tools/imt_sdk/imt_sdk_win_64/imt_sdk_win_64/winavr/bin/../lib/gcc/avr/4.3.3/avr5\libgcc.a(_unpack_sf.o)
 .debug_frame   0x00000160       0x20 c:/diskd/avr/imt_tools/imt_tools/imt_sdk/imt_sdk_win_64/imt_sdk_win_64/winavr/bin/../lib/gcc/avr/4.3.3/avr5\libgcc.a(_fpcmp_parts_sf.o)

.debug_str      0x00000000      0x2c2
 *(.debug_str)
 .debug_str     0x00000000       0xbf c:/diskd/avr/imt_tools/imt_tools/imt_sdk/imt_sdk_win_64/imt_sdk_win_64/winavr/bin/../lib/gcc/avr/4.3.3/avr5\libgcc.a(_fixunssfsi.o)
                                 0xfe (size before relaxing)
 .debug_str     0x000000bf      0x14d c:/diskd/avr/imt_tools/imt_tools/imt_sdk/imt_sdk_win_64/imt_sdk_win_64/winavr/bin/../lib/gcc/avr/4.3.3/avr5\libgcc.a(_addsub_sf.o)
                                0x206 (size before relaxing)
 .debug_str     0x0000020c       0x27 c:/diskd/avr/imt_tools/imt_tools/imt_sdk/imt_sdk_win_64/imt_sdk_win_64/winavr/bin/../lib/gcc/avr/4.3.3/avr5\libgcc.a(_mul_sf.o)
                                0x1bf (size before relaxing)
 .debug_str     0x00000233       0x35 c:/diskd/avr/imt_tools/imt_tools/imt_sdk/imt_sdk_win_64/imt_sdk_win_64/winavr/bin/../lib/gcc/avr/4.3.3/avr5\libgcc.a(_div_sf.o)
                                0x1c8 (size before relaxing)
 .debug_str     0x00000268        0xf c:/diskd/avr/imt_tools/imt_tools/imt_sdk/imt_sdk_win_64/imt_sdk_win_64/winavr/bin/../lib/gcc/avr/4.3.3/avr5\libgcc.a(_gt_sf.o)
                                0x195 (size before relaxing)
 .debug_str     0x00000277        0x8 c:/diskd/avr/imt_tools/imt_tools/imt_sdk/imt_sdk_win_64/imt_sdk_win_64/winavr/bin/../lib/gcc/avr/4.3.3/avr5\libgcc.a(_ge_sf.o)
                                0x195 (size before relaxing)
 .debug_str     0x0000027f        0x8 c:/diskd/avr/imt_tools/imt_tools/imt_sdk/imt_sdk_win_64/imt_sdk_win_64/winavr/bin/../lib/gcc/avr/4.3.3/avr5\libgcc.a(_lt_sf.o)
                                0x195 (size before relaxing)
 .debug_str     0x00000287        0xa c:/diskd/avr/imt_tools/imt_tools/imt_sdk/imt_sdk_win_64/imt_sdk_win_64/winavr/bin/../lib/gcc/avr/4.3.3/avr5\libgcc.a(_sf_to_si.o)
                                0x19e (size before relaxing)
 .debug_str     0x00000000      0x103 c:/diskd/avr/imt_tools/imt_tools/imt_sdk/imt_sdk_win_64/imt_sdk_win_64/winavr/bin/../lib/gcc/avr/4.3.3/avr5\libgcc.a(_thenan_sf.o)
 .debug_str     0x00000291       0x16 c:/diskd/avr/imt_tools/imt_tools/imt_sdk/imt_sdk_win_64/imt_sdk_win_64/winavr/bin/../lib/gcc/avr/4.3.3/avr5\libgcc.a(_pack_sf.o)
                                0x19d (size before relaxing)
 .debug_str     0x000002a7        0xb c:/diskd/avr/imt_tools/imt_tools/imt_sdk/imt_sdk_win_64/imt_sdk_win_64/winavr/bin/../lib/gcc/avr/4.3.3/avr5\libgcc.a(_unpack_sf.o)
                                0x17f (size before relaxing)
 .debug_str     0x000002b2       0x10 c:/diskd/avr/imt_tools/imt_tools/imt_sdk/imt_sdk_win_64/imt_sdk_win_64/winavr/bin/../lib/gcc/avr/4.3.3/avr5\libgcc.a(_fpcmp_parts_sf.o)
                                0x163 (size before relaxing)

.debug_loc      0x00000000      0x88e
 *(.debug_loc)
 .debug_loc     0x00000000       0x34 c:/diskd/avr/imt_tools/imt_tools/imt_sdk/imt_sdk_win_64/imt_sdk_win_64/winavr/bin/../lib/gcc/avr/4.3.3/avr5\libgcc.a(_fixunssfsi.o)
 .debug_loc     0x00000034      0x32a c:/diskd/avr/imt_tools/imt_tools/imt_sdk/imt_sdk_win_64/imt_sdk_win_64/winavr/bin/../lib/gcc/avr/4.3.3/avr5\libgcc.a(_addsub_sf.o)
 .debug_loc     0x0000035e      0x104 c:/diskd/avr/imt_tools/imt_tools/imt_sdk/imt_sdk_win_64/imt_sdk_win_64/winavr/bin/../lib/gcc/avr/4.3.3/avr5\libgcc.a(_mul_sf.o)
 .debug_loc     0x00000462       0xc0 c:/diskd/avr/imt_tools/imt_tools/imt_sdk/imt_sdk_win_64/imt_sdk_win_64/winavr/bin/../lib/gcc/avr/4.3.3/avr5\libgcc.a(_div_sf.o)
 .debug_loc     0x00000522       0x3c c:/diskd/avr/imt_tools/imt_tools/imt_sdk/imt_sdk_win_64/imt_sdk_win_64/winavr/bin/../lib/gcc/avr/4.3.3/avr5\libgcc.a(_gt_sf.o)
 .debug_loc     0x0000055e       0x3c c:/diskd/avr/imt_tools/imt_tools/imt_sdk/imt_sdk_win_64/imt_sdk_win_64/winavr/bin/../lib/gcc/avr/4.3.3/avr5\libgcc.a(_ge_sf.o)
 .debug_loc     0x0000059a       0x3c c:/diskd/avr/imt_tools/imt_tools/imt_sdk/imt_sdk_win_64/imt_sdk_win_64/winavr/bin/../lib/gcc/avr/4.3.3/avr5\libgcc.a(_lt_sf.o)
 .debug_loc     0x000005d6       0x7e c:/diskd/avr/imt_tools/imt_tools/imt_sdk/imt_sdk_win_64/imt_sdk_win_64/winavr/bin/../lib/gcc/avr/4.3.3/avr5\libgcc.a(_sf_to_si.o)
 .debug_loc     0x00000654      0x13e c:/diskd/avr/imt_tools/imt_tools/imt_sdk/imt_sdk_win_64/imt_sdk_win_64/winavr/bin/../lib/gcc/avr/4.3.3/avr5\libgcc.a(_pack_sf.o)
 .debug_loc     0x00000792       0xac c:/diskd/avr/imt_tools/imt_tools/imt_sdk/imt_sdk_win_64/imt_sdk_win_64/winavr/bin/../lib/gcc/avr/4.3.3/avr5\libgcc.a(_unpack_sf.o)
 .debug_loc     0x0000083e       0x50 c:/diskd/avr/imt_tools/imt_tools/imt_sdk/imt_sdk_win_64/imt_sdk_win_64/winavr/bin/../lib/gcc/avr/4.3.3/avr5\libgcc.a(_fpcmp_parts_sf.o)

.debug_macinfo
 *(.debug_macinfo)
OUTPUT(App1WithDrivers.elf elf32-avr)
LOAD linker stubs

.debug_ranges   0x00000000       0x50
 .debug_ranges  0x00000000       0x50 c:/diskd/avr/imt_tools/imt_tools/imt_sdk/imt_sdk_win_64/imt_sdk_win_64/winavr/bin/../lib/gcc/avr/4.3.3/avr5\libgcc.a(_mul_sf.o)
